// Jest Snapshot v1, https://goo.gl/fbAQLP

exports[`Badge totals should be rendered 1`] = `
<div>
  <div>
    <button
      className="MuiButtonBase-root MuiFab-root MuiFab-sizeMedium MuiFab-primary"
      disabled={false}
      onBlur={[Function]}
      onDragLeave={[Function]}
      onFocus={[Function]}
      onKeyDown={[Function]}
      onKeyUp={[Function]}
      onMouseDown={[Function]}
      onMouseLeave={[Function]}
      onMouseUp={[Function]}
      onTouchEnd={[Function]}
      onTouchMove={[Function]}
      onTouchStart={[Function]}
      style={
        Object {
          "fontSize": "1.5em",
          "margin": "5px",
        }
      }
      tabIndex={0}
      type="button"
    >
      <span
        className="MuiFab-label"
      >
        1
      </span>
    </button>
    <span>
      Gold Badge(s) - 2 seconds or less (per question)
    </span>
  </div>
  <div>
    <button
      className="MuiButtonBase-root MuiFab-root MuiFab-sizeMedium MuiFab-primary"
      disabled={false}
      onBlur={[Function]}
      onDragLeave={[Function]}
      onFocus={[Function]}
      onKeyDown={[Function]}
      onKeyUp={[Function]}
      onMouseDown={[Function]}
      onMouseLeave={[Function]}
      onMouseUp={[Function]}
      onTouchEnd={[Function]}
      onTouchMove={[Function]}
      onTouchStart={[Function]}
      style={
        Object {
          "fontSize": "1.5em",
          "margin": "5px",
        }
      }
      tabIndex={0}
      type="button"
    >
      <span
        className="MuiFab-label"
      >
        2
      </span>
    </button>
    <span>
      Silver Badge(s) - between 2 and 3 seconds (per question)
    </span>
  </div>
  <div>
    <button
      className="MuiButtonBase-root MuiFab-root MuiFab-sizeMedium MuiFab-primary"
      disabled={false}
      onBlur={[Function]}
      onDragLeave={[Function]}
      onFocus={[Function]}
      onKeyDown={[Function]}
      onKeyUp={[Function]}
      onMouseDown={[Function]}
      onMouseLeave={[Function]}
      onMouseUp={[Function]}
      onTouchEnd={[Function]}
      onTouchMove={[Function]}
      onTouchStart={[Function]}
      style={
        Object {
          "fontSize": "1.5em",
          "margin": "5px",
        }
      }
      tabIndex={0}
      type="button"
    >
      <span
        className="MuiFab-label"
      >
        3
      </span>
    </button>
    <span>
      Bronze Badge(s) - between 3 and 4 seconds (per question)
    </span>
  </div>
</div>
`;
