// Jest Snapshot v1, https://goo.gl/fbAQLP

exports[`Badge should be rendered 1`] = `
<div
  aria-describedby={null}
  className="MuiAvatar-root MuiAvatar-colorDefault"
  onBlur={[Function]}
  onFocus={[Function]}
  onMouseLeave={[Function]}
  onMouseOver={[Function]}
  onTouchEnd={[Function]}
  onTouchStart={[Function]}
  style={
    Object {
      "backgroundColor": "#fbc02d",
    }
  }
  title="+ Gold"
>
  +
</div>
`;
