// Jest Snapshot v1, https://goo.gl/fbAQLP

exports[`Badge totals should be rendered 1`] = `
<div>
  <ul
    className="MuiList-root makeStyles-root-1 MuiList-padding"
  >
    <li
      className="MuiListItem-root MuiListItem-gutters"
      disabled={false}
    >
      <div
        className="MuiListItemAvatar-root"
      >
        <div
          aria-describedby={null}
          className="MuiAvatar-root MuiAvatar-colorDefault"
          onBlur={[Function]}
          onFocus={[Function]}
          onMouseLeave={[Function]}
          onMouseOver={[Function]}
          onTouchEnd={[Function]}
          onTouchStart={[Function]}
          style={
            Object {
              "backgroundColor": "#fbc02d",
            }
          }
          title="1 Gold"
        >
          1
        </div>
      </div>
      <div
        className="MuiListItemText-root MuiListItemText-multiline"
      >
        <span
          className="MuiTypography-root MuiListItemText-primary MuiTypography-body1"
        >
          Gold Badge(s)
        </span>
        <p
          className="MuiTypography-root MuiListItemText-secondary MuiTypography-body2 MuiTypography-colorTextSecondary"
        >
          2 seconds or less (per question)
        </p>
      </div>
    </li>
    <li
      className="MuiDivider-root MuiDivider-inset"
      role="separator"
    />
  </ul>
  <ul
    className="MuiList-root makeStyles-root-1 MuiList-padding"
  >
    <li
      className="MuiListItem-root MuiListItem-gutters"
      disabled={false}
    >
      <div
        className="MuiListItemAvatar-root"
      >
        <div
          aria-describedby={null}
          className="MuiAvatar-root MuiAvatar-colorDefault"
          onBlur={[Function]}
          onFocus={[Function]}
          onMouseLeave={[Function]}
          onMouseOver={[Function]}
          onTouchEnd={[Function]}
          onTouchStart={[Function]}
          style={
            Object {
              "backgroundColor": "#9e9e9e",
            }
          }
          title="2 Silver"
        >
          2
        </div>
      </div>
      <div
        className="MuiListItemText-root MuiListItemText-multiline"
      >
        <span
          className="MuiTypography-root MuiListItemText-primary MuiTypography-body1"
        >
          Silver Badge(s)
        </span>
        <p
          className="MuiTypography-root MuiListItemText-secondary MuiTypography-body2 MuiTypography-colorTextSecondary"
        >
          between 2 and 3 seconds (per question)
        </p>
      </div>
    </li>
    <li
      className="MuiDivider-root MuiDivider-inset"
      role="separator"
    />
  </ul>
  <ul
    className="MuiList-root makeStyles-root-1 MuiList-padding"
  >
    <li
      className="MuiListItem-root MuiListItem-gutters"
      disabled={false}
    >
      <div
        className="MuiListItemAvatar-root"
      >
        <div
          aria-describedby={null}
          className="MuiAvatar-root MuiAvatar-colorDefault"
          onBlur={[Function]}
          onFocus={[Function]}
          onMouseLeave={[Function]}
          onMouseOver={[Function]}
          onTouchEnd={[Function]}
          onTouchStart={[Function]}
          style={
            Object {
              "backgroundColor": "#8d6e63",
            }
          }
          title="3 Bronze"
        >
          3
        </div>
      </div>
      <div
        className="MuiListItemText-root MuiListItemText-multiline"
      >
        <span
          className="MuiTypography-root MuiListItemText-primary MuiTypography-body1"
        >
          Bronze Badge(s)
        </span>
        <p
          className="MuiTypography-root MuiListItemText-secondary MuiTypography-body2 MuiTypography-colorTextSecondary"
        >
          between 3 and 4 seconds (per question)
        </p>
      </div>
    </li>
    <li
      className="MuiDivider-root MuiDivider-inset"
      role="separator"
    />
  </ul>
</div>
`;
