// Jest Snapshot v1, https://goo.gl/fbAQLP

exports[`Drill should render the Drill component 1`] = `
<div>
  <h2
    className="MuiTypography-root MuiTypography-h2 MuiTypography-gutterBottom"
  >
    Drill
  </h2>
  <div
    className="MuiPaper-root MuiPaper-elevation1 makeStyles-root-1 MuiPaper-rounded"
  >
    <div>
      <h4
        className="MuiTypography-root MuiTypography-h4 MuiTypography-gutterBottom"
      >
        Level
      </h4>
      <div>
        <button
          aria-describedby={null}
          className="MuiButtonBase-root MuiFab-root MuiFab-secondary"
          disabled={false}
          onBlur={[Function]}
          onClick={[Function]}
          onDragLeave={[Function]}
          onFocus={[Function]}
          onKeyDown={[Function]}
          onKeyUp={[Function]}
          onMouseDown={[Function]}
          onMouseLeave={[Function]}
          onMouseOver={[Function]}
          onMouseUp={[Function]}
          onTouchEnd={[Function]}
          onTouchMove={[Function]}
          onTouchStart={[Function]}
          style={
            Object {
              "fontSize": "2em",
              "margin": "5px",
            }
          }
          tabIndex={0}
          title="A"
          type="button"
        >
          <span
            className="MuiFab-label"
          >
            A
          </span>
          <span
            className="MuiTouchRipple-root"
          />
        </button>
        <button
          aria-describedby={null}
          className="MuiButtonBase-root MuiFab-root MuiFab-primary"
          disabled={false}
          onBlur={[Function]}
          onClick={[Function]}
          onDragLeave={[Function]}
          onFocus={[Function]}
          onKeyDown={[Function]}
          onKeyUp={[Function]}
          onMouseDown={[Function]}
          onMouseLeave={[Function]}
          onMouseOver={[Function]}
          onMouseUp={[Function]}
          onTouchEnd={[Function]}
          onTouchMove={[Function]}
          onTouchStart={[Function]}
          style={
            Object {
              "fontSize": "2em",
              "margin": "5px",
            }
          }
          tabIndex={0}
          title="B"
          type="button"
        >
          <span
            className="MuiFab-label"
          >
            B
          </span>
          <span
            className="MuiTouchRipple-root"
          />
        </button>
        <button
          aria-describedby={null}
          className="MuiButtonBase-root MuiFab-root MuiFab-primary"
          disabled={false}
          onBlur={[Function]}
          onClick={[Function]}
          onDragLeave={[Function]}
          onFocus={[Function]}
          onKeyDown={[Function]}
          onKeyUp={[Function]}
          onMouseDown={[Function]}
          onMouseLeave={[Function]}
          onMouseOver={[Function]}
          onMouseUp={[Function]}
          onTouchEnd={[Function]}
          onTouchMove={[Function]}
          onTouchStart={[Function]}
          style={
            Object {
              "fontSize": "2em",
              "margin": "5px",
            }
          }
          tabIndex={0}
          title="C"
          type="button"
        >
          <span
            className="MuiFab-label"
          >
            C
          </span>
          <span
            className="MuiTouchRipple-root"
          />
        </button>
        <button
          aria-describedby={null}
          className="MuiButtonBase-root MuiFab-root MuiFab-primary"
          disabled={false}
          onBlur={[Function]}
          onClick={[Function]}
          onDragLeave={[Function]}
          onFocus={[Function]}
          onKeyDown={[Function]}
          onKeyUp={[Function]}
          onMouseDown={[Function]}
          onMouseLeave={[Function]}
          onMouseOver={[Function]}
          onMouseUp={[Function]}
          onTouchEnd={[Function]}
          onTouchMove={[Function]}
          onTouchStart={[Function]}
          style={
            Object {
              "fontSize": "2em",
              "margin": "5px",
            }
          }
          tabIndex={0}
          title="D"
          type="button"
        >
          <span
            className="MuiFab-label"
          >
            D
          </span>
          <span
            className="MuiTouchRipple-root"
          />
        </button>
        <button
          aria-describedby={null}
          className="MuiButtonBase-root MuiFab-root MuiFab-primary"
          disabled={false}
          onBlur={[Function]}
          onClick={[Function]}
          onDragLeave={[Function]}
          onFocus={[Function]}
          onKeyDown={[Function]}
          onKeyUp={[Function]}
          onMouseDown={[Function]}
          onMouseLeave={[Function]}
          onMouseOver={[Function]}
          onMouseUp={[Function]}
          onTouchEnd={[Function]}
          onTouchMove={[Function]}
          onTouchStart={[Function]}
          style={
            Object {
              "fontSize": "2em",
              "margin": "5px",
            }
          }
          tabIndex={0}
          title="E"
          type="button"
        >
          <span
            className="MuiFab-label"
          >
            E
          </span>
          <span
            className="MuiTouchRipple-root"
          />
        </button>
        <button
          aria-describedby={null}
          className="MuiButtonBase-root MuiFab-root MuiFab-primary"
          disabled={false}
          onBlur={[Function]}
          onClick={[Function]}
          onDragLeave={[Function]}
          onFocus={[Function]}
          onKeyDown={[Function]}
          onKeyUp={[Function]}
          onMouseDown={[Function]}
          onMouseLeave={[Function]}
          onMouseOver={[Function]}
          onMouseUp={[Function]}
          onTouchEnd={[Function]}
          onTouchMove={[Function]}
          onTouchStart={[Function]}
          style={
            Object {
              "fontSize": "2em",
              "margin": "5px",
            }
          }
          tabIndex={0}
          title="F"
          type="button"
        >
          <span
            className="MuiFab-label"
          >
            F
          </span>
          <span
            className="MuiTouchRipple-root"
          />
        </button>
        <button
          aria-describedby={null}
          className="MuiButtonBase-root MuiFab-root MuiFab-primary"
          disabled={false}
          onBlur={[Function]}
          onClick={[Function]}
          onDragLeave={[Function]}
          onFocus={[Function]}
          onKeyDown={[Function]}
          onKeyUp={[Function]}
          onMouseDown={[Function]}
          onMouseLeave={[Function]}
          onMouseOver={[Function]}
          onMouseUp={[Function]}
          onTouchEnd={[Function]}
          onTouchMove={[Function]}
          onTouchStart={[Function]}
          style={
            Object {
              "fontSize": "2em",
              "margin": "5px",
            }
          }
          tabIndex={0}
          title="G"
          type="button"
        >
          <span
            className="MuiFab-label"
          >
            G
          </span>
          <span
            className="MuiTouchRipple-root"
          />
        </button>
        <button
          aria-describedby={null}
          className="MuiButtonBase-root MuiFab-root MuiFab-primary"
          disabled={false}
          onBlur={[Function]}
          onClick={[Function]}
          onDragLeave={[Function]}
          onFocus={[Function]}
          onKeyDown={[Function]}
          onKeyUp={[Function]}
          onMouseDown={[Function]}
          onMouseLeave={[Function]}
          onMouseOver={[Function]}
          onMouseUp={[Function]}
          onTouchEnd={[Function]}
          onTouchMove={[Function]}
          onTouchStart={[Function]}
          style={
            Object {
              "fontSize": "2em",
              "margin": "5px",
            }
          }
          tabIndex={0}
          title="H"
          type="button"
        >
          <span
            className="MuiFab-label"
          >
            H
          </span>
          <span
            className="MuiTouchRipple-root"
          />
        </button>
        <button
          aria-describedby={null}
          className="MuiButtonBase-root MuiFab-root MuiFab-primary"
          disabled={false}
          onBlur={[Function]}
          onClick={[Function]}
          onDragLeave={[Function]}
          onFocus={[Function]}
          onKeyDown={[Function]}
          onKeyUp={[Function]}
          onMouseDown={[Function]}
          onMouseLeave={[Function]}
          onMouseOver={[Function]}
          onMouseUp={[Function]}
          onTouchEnd={[Function]}
          onTouchMove={[Function]}
          onTouchStart={[Function]}
          style={
            Object {
              "fontSize": "2em",
              "margin": "5px",
            }
          }
          tabIndex={0}
          title="I"
          type="button"
        >
          <span
            className="MuiFab-label"
          >
            I
          </span>
          <span
            className="MuiTouchRipple-root"
          />
        </button>
        <button
          aria-describedby={null}
          className="MuiButtonBase-root MuiFab-root MuiFab-primary"
          disabled={false}
          onBlur={[Function]}
          onClick={[Function]}
          onDragLeave={[Function]}
          onFocus={[Function]}
          onKeyDown={[Function]}
          onKeyUp={[Function]}
          onMouseDown={[Function]}
          onMouseLeave={[Function]}
          onMouseOver={[Function]}
          onMouseUp={[Function]}
          onTouchEnd={[Function]}
          onTouchMove={[Function]}
          onTouchStart={[Function]}
          style={
            Object {
              "fontSize": "2em",
              "margin": "5px",
            }
          }
          tabIndex={0}
          title="J"
          type="button"
        >
          <span
            className="MuiFab-label"
          >
            J
          </span>
          <span
            className="MuiTouchRipple-root"
          />
        </button>
        <button
          aria-describedby={null}
          className="MuiButtonBase-root MuiFab-root MuiFab-primary"
          disabled={false}
          onBlur={[Function]}
          onClick={[Function]}
          onDragLeave={[Function]}
          onFocus={[Function]}
          onKeyDown={[Function]}
          onKeyUp={[Function]}
          onMouseDown={[Function]}
          onMouseLeave={[Function]}
          onMouseOver={[Function]}
          onMouseUp={[Function]}
          onTouchEnd={[Function]}
          onTouchMove={[Function]}
          onTouchStart={[Function]}
          style={
            Object {
              "fontSize": "2em",
              "margin": "5px",
            }
          }
          tabIndex={0}
          title="K"
          type="button"
        >
          <span
            className="MuiFab-label"
          >
            K
          </span>
          <span
            className="MuiTouchRipple-root"
          />
        </button>
        <button
          aria-describedby={null}
          className="MuiButtonBase-root MuiFab-root MuiFab-primary"
          disabled={false}
          onBlur={[Function]}
          onClick={[Function]}
          onDragLeave={[Function]}
          onFocus={[Function]}
          onKeyDown={[Function]}
          onKeyUp={[Function]}
          onMouseDown={[Function]}
          onMouseLeave={[Function]}
          onMouseOver={[Function]}
          onMouseUp={[Function]}
          onTouchEnd={[Function]}
          onTouchMove={[Function]}
          onTouchStart={[Function]}
          style={
            Object {
              "fontSize": "2em",
              "margin": "5px",
            }
          }
          tabIndex={0}
          title="L"
          type="button"
        >
          <span
            className="MuiFab-label"
          >
            L
          </span>
          <span
            className="MuiTouchRipple-root"
          />
        </button>
        <button
          aria-describedby={null}
          className="MuiButtonBase-root MuiFab-root MuiFab-primary"
          disabled={false}
          onBlur={[Function]}
          onClick={[Function]}
          onDragLeave={[Function]}
          onFocus={[Function]}
          onKeyDown={[Function]}
          onKeyUp={[Function]}
          onMouseDown={[Function]}
          onMouseLeave={[Function]}
          onMouseOver={[Function]}
          onMouseUp={[Function]}
          onTouchEnd={[Function]}
          onTouchMove={[Function]}
          onTouchStart={[Function]}
          style={
            Object {
              "fontSize": "2em",
              "margin": "5px",
            }
          }
          tabIndex={0}
          title="M"
          type="button"
        >
          <span
            className="MuiFab-label"
          >
            M
          </span>
          <span
            className="MuiTouchRipple-root"
          />
        </button>
        <button
          aria-describedby={null}
          className="MuiButtonBase-root MuiFab-root MuiFab-primary"
          disabled={false}
          onBlur={[Function]}
          onClick={[Function]}
          onDragLeave={[Function]}
          onFocus={[Function]}
          onKeyDown={[Function]}
          onKeyUp={[Function]}
          onMouseDown={[Function]}
          onMouseLeave={[Function]}
          onMouseOver={[Function]}
          onMouseUp={[Function]}
          onTouchEnd={[Function]}
          onTouchMove={[Function]}
          onTouchStart={[Function]}
          style={
            Object {
              "fontSize": "2em",
              "margin": "5px",
            }
          }
          tabIndex={0}
          title="N"
          type="button"
        >
          <span
            className="MuiFab-label"
          >
            N
          </span>
          <span
            className="MuiTouchRipple-root"
          />
        </button>
        <button
          aria-describedby={null}
          className="MuiButtonBase-root MuiFab-root MuiFab-primary"
          disabled={false}
          onBlur={[Function]}
          onClick={[Function]}
          onDragLeave={[Function]}
          onFocus={[Function]}
          onKeyDown={[Function]}
          onKeyUp={[Function]}
          onMouseDown={[Function]}
          onMouseLeave={[Function]}
          onMouseOver={[Function]}
          onMouseUp={[Function]}
          onTouchEnd={[Function]}
          onTouchMove={[Function]}
          onTouchStart={[Function]}
          style={
            Object {
              "fontSize": "2em",
              "margin": "5px",
            }
          }
          tabIndex={0}
          title="O"
          type="button"
        >
          <span
            className="MuiFab-label"
          >
            O
          </span>
          <span
            className="MuiTouchRipple-root"
          />
        </button>
        <button
          aria-describedby={null}
          className="MuiButtonBase-root MuiFab-root MuiFab-primary"
          disabled={false}
          onBlur={[Function]}
          onClick={[Function]}
          onDragLeave={[Function]}
          onFocus={[Function]}
          onKeyDown={[Function]}
          onKeyUp={[Function]}
          onMouseDown={[Function]}
          onMouseLeave={[Function]}
          onMouseOver={[Function]}
          onMouseUp={[Function]}
          onTouchEnd={[Function]}
          onTouchMove={[Function]}
          onTouchStart={[Function]}
          style={
            Object {
              "fontSize": "2em",
              "margin": "5px",
            }
          }
          tabIndex={0}
          title="P"
          type="button"
        >
          <span
            className="MuiFab-label"
          >
            P
          </span>
          <span
            className="MuiTouchRipple-root"
          />
        </button>
        <button
          aria-describedby={null}
          className="MuiButtonBase-root MuiFab-root MuiFab-primary"
          disabled={false}
          onBlur={[Function]}
          onClick={[Function]}
          onDragLeave={[Function]}
          onFocus={[Function]}
          onKeyDown={[Function]}
          onKeyUp={[Function]}
          onMouseDown={[Function]}
          onMouseLeave={[Function]}
          onMouseOver={[Function]}
          onMouseUp={[Function]}
          onTouchEnd={[Function]}
          onTouchMove={[Function]}
          onTouchStart={[Function]}
          style={
            Object {
              "fontSize": "2em",
              "margin": "5px",
            }
          }
          tabIndex={0}
          title="Q"
          type="button"
        >
          <span
            className="MuiFab-label"
          >
            Q
          </span>
          <span
            className="MuiTouchRipple-root"
          />
        </button>
        <button
          aria-describedby={null}
          className="MuiButtonBase-root MuiFab-root MuiFab-primary"
          disabled={false}
          onBlur={[Function]}
          onClick={[Function]}
          onDragLeave={[Function]}
          onFocus={[Function]}
          onKeyDown={[Function]}
          onKeyUp={[Function]}
          onMouseDown={[Function]}
          onMouseLeave={[Function]}
          onMouseOver={[Function]}
          onMouseUp={[Function]}
          onTouchEnd={[Function]}
          onTouchMove={[Function]}
          onTouchStart={[Function]}
          style={
            Object {
              "fontSize": "2em",
              "margin": "5px",
            }
          }
          tabIndex={0}
          title="R"
          type="button"
        >
          <span
            className="MuiFab-label"
          >
            R
          </span>
          <span
            className="MuiTouchRipple-root"
          />
        </button>
        <button
          aria-describedby={null}
          className="MuiButtonBase-root MuiFab-root MuiFab-primary"
          disabled={false}
          onBlur={[Function]}
          onClick={[Function]}
          onDragLeave={[Function]}
          onFocus={[Function]}
          onKeyDown={[Function]}
          onKeyUp={[Function]}
          onMouseDown={[Function]}
          onMouseLeave={[Function]}
          onMouseOver={[Function]}
          onMouseUp={[Function]}
          onTouchEnd={[Function]}
          onTouchMove={[Function]}
          onTouchStart={[Function]}
          style={
            Object {
              "fontSize": "2em",
              "margin": "5px",
            }
          }
          tabIndex={0}
          title="S"
          type="button"
        >
          <span
            className="MuiFab-label"
          >
            S
          </span>
          <span
            className="MuiTouchRipple-root"
          />
        </button>
        <button
          aria-describedby={null}
          className="MuiButtonBase-root MuiFab-root MuiFab-primary"
          disabled={false}
          onBlur={[Function]}
          onClick={[Function]}
          onDragLeave={[Function]}
          onFocus={[Function]}
          onKeyDown={[Function]}
          onKeyUp={[Function]}
          onMouseDown={[Function]}
          onMouseLeave={[Function]}
          onMouseOver={[Function]}
          onMouseUp={[Function]}
          onTouchEnd={[Function]}
          onTouchMove={[Function]}
          onTouchStart={[Function]}
          style={
            Object {
              "fontSize": "2em",
              "margin": "5px",
            }
          }
          tabIndex={0}
          title="T"
          type="button"
        >
          <span
            className="MuiFab-label"
          >
            T
          </span>
          <span
            className="MuiTouchRipple-root"
          />
        </button>
        <button
          aria-describedby={null}
          className="MuiButtonBase-root MuiFab-root MuiFab-primary"
          disabled={false}
          onBlur={[Function]}
          onClick={[Function]}
          onDragLeave={[Function]}
          onFocus={[Function]}
          onKeyDown={[Function]}
          onKeyUp={[Function]}
          onMouseDown={[Function]}
          onMouseLeave={[Function]}
          onMouseOver={[Function]}
          onMouseUp={[Function]}
          onTouchEnd={[Function]}
          onTouchMove={[Function]}
          onTouchStart={[Function]}
          style={
            Object {
              "fontSize": "2em",
              "margin": "5px",
            }
          }
          tabIndex={0}
          title="U"
          type="button"
        >
          <span
            className="MuiFab-label"
          >
            U
          </span>
          <span
            className="MuiTouchRipple-root"
          />
        </button>
        <button
          aria-describedby={null}
          className="MuiButtonBase-root MuiFab-root MuiFab-primary"
          disabled={false}
          onBlur={[Function]}
          onClick={[Function]}
          onDragLeave={[Function]}
          onFocus={[Function]}
          onKeyDown={[Function]}
          onKeyUp={[Function]}
          onMouseDown={[Function]}
          onMouseLeave={[Function]}
          onMouseOver={[Function]}
          onMouseUp={[Function]}
          onTouchEnd={[Function]}
          onTouchMove={[Function]}
          onTouchStart={[Function]}
          style={
            Object {
              "fontSize": "2em",
              "margin": "5px",
            }
          }
          tabIndex={0}
          title="V"
          type="button"
        >
          <span
            className="MuiFab-label"
          >
            V
          </span>
          <span
            className="MuiTouchRipple-root"
          />
        </button>
        <button
          aria-describedby={null}
          className="MuiButtonBase-root MuiFab-root MuiFab-primary"
          disabled={false}
          onBlur={[Function]}
          onClick={[Function]}
          onDragLeave={[Function]}
          onFocus={[Function]}
          onKeyDown={[Function]}
          onKeyUp={[Function]}
          onMouseDown={[Function]}
          onMouseLeave={[Function]}
          onMouseOver={[Function]}
          onMouseUp={[Function]}
          onTouchEnd={[Function]}
          onTouchMove={[Function]}
          onTouchStart={[Function]}
          style={
            Object {
              "fontSize": "2em",
              "margin": "5px",
            }
          }
          tabIndex={0}
          title="W"
          type="button"
        >
          <span
            className="MuiFab-label"
          >
            W
          </span>
          <span
            className="MuiTouchRipple-root"
          />
        </button>
        <button
          aria-describedby={null}
          className="MuiButtonBase-root MuiFab-root MuiFab-primary"
          disabled={false}
          onBlur={[Function]}
          onClick={[Function]}
          onDragLeave={[Function]}
          onFocus={[Function]}
          onKeyDown={[Function]}
          onKeyUp={[Function]}
          onMouseDown={[Function]}
          onMouseLeave={[Function]}
          onMouseOver={[Function]}
          onMouseUp={[Function]}
          onTouchEnd={[Function]}
          onTouchMove={[Function]}
          onTouchStart={[Function]}
          style={
            Object {
              "fontSize": "2em",
              "margin": "5px",
            }
          }
          tabIndex={0}
          title="X"
          type="button"
        >
          <span
            className="MuiFab-label"
          >
            X
          </span>
          <span
            className="MuiTouchRipple-root"
          />
        </button>
        <button
          aria-describedby={null}
          className="MuiButtonBase-root MuiFab-root MuiFab-primary"
          disabled={false}
          onBlur={[Function]}
          onClick={[Function]}
          onDragLeave={[Function]}
          onFocus={[Function]}
          onKeyDown={[Function]}
          onKeyUp={[Function]}
          onMouseDown={[Function]}
          onMouseLeave={[Function]}
          onMouseOver={[Function]}
          onMouseUp={[Function]}
          onTouchEnd={[Function]}
          onTouchMove={[Function]}
          onTouchStart={[Function]}
          style={
            Object {
              "fontSize": "2em",
              "margin": "5px",
            }
          }
          tabIndex={0}
          title="Y"
          type="button"
        >
          <span
            className="MuiFab-label"
          >
            Y
          </span>
          <span
            className="MuiTouchRipple-root"
          />
        </button>
        <button
          aria-describedby={null}
          className="MuiButtonBase-root MuiFab-root MuiFab-primary"
          disabled={false}
          onBlur={[Function]}
          onClick={[Function]}
          onDragLeave={[Function]}
          onFocus={[Function]}
          onKeyDown={[Function]}
          onKeyUp={[Function]}
          onMouseDown={[Function]}
          onMouseLeave={[Function]}
          onMouseOver={[Function]}
          onMouseUp={[Function]}
          onTouchEnd={[Function]}
          onTouchMove={[Function]}
          onTouchStart={[Function]}
          style={
            Object {
              "fontSize": "2em",
              "margin": "5px",
            }
          }
          tabIndex={0}
          title="Z"
          type="button"
        >
          <span
            className="MuiFab-label"
          >
            Z
          </span>
          <span
            className="MuiTouchRipple-root"
          />
        </button>
      </div>
    </div>
    <div>
      <h4
        className="MuiTypography-root MuiTypography-h4 MuiTypography-gutterBottom"
      >
        Operation
      </h4>
      <div>
        <button
          aria-describedby={null}
          className="MuiButtonBase-root MuiFab-root MuiFab-secondary"
          disabled={false}
          onBlur={[Function]}
          onClick={[Function]}
          onDragLeave={[Function]}
          onFocus={[Function]}
          onKeyDown={[Function]}
          onKeyUp={[Function]}
          onMouseDown={[Function]}
          onMouseLeave={[Function]}
          onMouseOver={[Function]}
          onMouseUp={[Function]}
          onTouchEnd={[Function]}
          onTouchMove={[Function]}
          onTouchStart={[Function]}
          style={
            Object {
              "fontSize": "2em",
              "margin": "5px",
            }
          }
          tabIndex={0}
          title="+"
          type="button"
        >
          <span
            className="MuiFab-label"
          >
            +
          </span>
          <span
            className="MuiTouchRipple-root"
          />
        </button>
        <button
          aria-describedby={null}
          className="MuiButtonBase-root MuiFab-root MuiFab-primary"
          disabled={false}
          onBlur={[Function]}
          onClick={[Function]}
          onDragLeave={[Function]}
          onFocus={[Function]}
          onKeyDown={[Function]}
          onKeyUp={[Function]}
          onMouseDown={[Function]}
          onMouseLeave={[Function]}
          onMouseOver={[Function]}
          onMouseUp={[Function]}
          onTouchEnd={[Function]}
          onTouchMove={[Function]}
          onTouchStart={[Function]}
          style={
            Object {
              "fontSize": "2em",
              "margin": "5px",
            }
          }
          tabIndex={0}
          title="-"
          type="button"
        >
          <span
            className="MuiFab-label"
          >
            -
          </span>
          <span
            className="MuiTouchRipple-root"
          />
        </button>
        <button
          aria-describedby={null}
          className="MuiButtonBase-root MuiFab-root MuiFab-primary"
          disabled={false}
          onBlur={[Function]}
          onClick={[Function]}
          onDragLeave={[Function]}
          onFocus={[Function]}
          onKeyDown={[Function]}
          onKeyUp={[Function]}
          onMouseDown={[Function]}
          onMouseLeave={[Function]}
          onMouseOver={[Function]}
          onMouseUp={[Function]}
          onTouchEnd={[Function]}
          onTouchMove={[Function]}
          onTouchStart={[Function]}
          style={
            Object {
              "fontSize": "2em",
              "margin": "5px",
            }
          }
          tabIndex={0}
          title="x"
          type="button"
        >
          <span
            className="MuiFab-label"
          >
            x
          </span>
          <span
            className="MuiTouchRipple-root"
          />
        </button>
        <button
          aria-describedby={null}
          className="MuiButtonBase-root MuiFab-root MuiFab-primary"
          disabled={false}
          onBlur={[Function]}
          onClick={[Function]}
          onDragLeave={[Function]}
          onFocus={[Function]}
          onKeyDown={[Function]}
          onKeyUp={[Function]}
          onMouseDown={[Function]}
          onMouseLeave={[Function]}
          onMouseOver={[Function]}
          onMouseUp={[Function]}
          onTouchEnd={[Function]}
          onTouchMove={[Function]}
          onTouchStart={[Function]}
          style={
            Object {
              "fontSize": "2em",
              "margin": "5px",
            }
          }
          tabIndex={0}
          title="÷"
          type="button"
        >
          <span
            className="MuiFab-label"
          >
            ÷
          </span>
          <span
            className="MuiTouchRipple-root"
          />
        </button>
      </div>
    </div>
  </div>
  <div
    className="makeStyles-optionsSection-6"
  >
    <h4
      className="MuiTypography-root MuiTypography-h4 MuiTypography-gutterBottom"
    >
      Options
    </h4>
    <div
      className="MuiGrid-root makeStyles-form-2 MuiGrid-container MuiGrid-spacing-xs-3"
    >
      <div
        className="MuiGrid-root MuiGrid-item MuiGrid-grid-xs-true"
      >
        <div
          className="MuiFormControl-root MuiTextField-root makeStyles-textField-3"
        >
          <label
            className="MuiFormLabel-root MuiInputLabel-root MuiInputLabel-formControl MuiInputLabel-animated MuiInputLabel-shrink MuiFormLabel-filled Mui-required Mui-required"
            data-shrink={true}
            htmlFor="time-minutes"
          >
            Time
            <span
              className="MuiFormLabel-asterisk MuiInputLabel-asterisk"
            >
               
              *
            </span>
          </label>
          <div
            className="MuiInputBase-root MuiInput-root MuiInput-underline MuiInputBase-formControl MuiInput-formControl"
            onClick={[Function]}
          >
            <input
              aria-invalid={false}
              className="MuiInputBase-input MuiInput-input"
              disabled={false}
              id="time-minutes"
              name="minutes"
              onBlur={[Function]}
              onChange={[Function]}
              onFocus={[Function]}
              placeholder="1"
              required={true}
              type="number"
              value="1"
            />
          </div>
        </div>
      </div>
      <div
        className="MuiGrid-root MuiGrid-item MuiGrid-grid-xs-true"
      >
        <div
          className="MuiFormControl-root MuiTextField-root makeStyles-textField-3"
        >
          <label
            className="MuiFormLabel-root MuiInputLabel-root MuiInputLabel-formControl MuiInputLabel-animated MuiInputLabel-shrink MuiFormLabel-filled Mui-required Mui-required"
            data-shrink={true}
            htmlFor="total-problems"
          >
            Total Questions
            <span
              className="MuiFormLabel-asterisk MuiInputLabel-asterisk"
            >
               
              *
            </span>
          </label>
          <div
            className="MuiInputBase-root MuiInput-root MuiInput-underline MuiInputBase-formControl MuiInput-formControl"
            onClick={[Function]}
          >
            <input
              aria-describedby="total-problems-helper-text"
              aria-invalid={false}
              className="MuiInputBase-input MuiInput-input"
              disabled={false}
              id="total-problems"
              name="totalProblems"
              onBlur={[Function]}
              onChange={[Function]}
              onFocus={[Function]}
              placeholder="20"
              required={true}
              type="number"
              value="20"
            />
          </div>
          <p
            className="MuiFormHelperText-root MuiFormHelperText-filled Mui-required"
            id="total-problems-helper-text"
          >
            You only get badges for 10 or more correct questions
          </p>
        </div>
      </div>
      <div
        className="MuiGrid-root MuiGrid-item MuiGrid-grid-xs-true"
      >
        <div
          className="MuiFormControl-root MuiTextField-root makeStyles-textField-3"
        >
          <label
            className="MuiFormLabel-root MuiInputLabel-root MuiInputLabel-formControl MuiInputLabel-animated MuiInputLabel-shrink MuiFormLabel-filled"
            data-shrink={true}
            htmlFor="user-name"
          >
            Your Name
          </label>
          <div
            className="MuiInputBase-root MuiInput-root MuiInput-underline MuiInputBase-formControl MuiInput-formControl"
            onClick={[Function]}
          >
            <input
              aria-describedby="user-name-helper-text"
              aria-invalid={false}
              className="MuiInputBase-input MuiInput-input"
              disabled={false}
              id="user-name"
              name="userName"
              onBlur={[Function]}
              onChange={[Function]}
              onFocus={[Function]}
              required={false}
              type="text"
              value="my name"
            />
          </div>
          <p
            className="MuiFormHelperText-root MuiFormHelperText-filled"
            id="user-name-helper-text"
          >
            Jemima Puddle-Duck
          </p>
        </div>
      </div>
      <div
        className="MuiGrid-root MuiGrid-item MuiGrid-grid-xs-true"
      >
        <div
          className="MuiFormGroup-root MuiFormGroup-row"
        >
          <label
            className="MuiFormControlLabel-root"
          >
            <span
              className="MuiSwitch-root"
            >
              <span
                aria-disabled={false}
                className="MuiButtonBase-root MuiIconButton-root PrivateSwitchBase-root-270 MuiSwitch-switchBase MuiSwitch-colorPrimary PrivateSwitchBase-checked-271 Mui-checked"
                onBlur={[Function]}
                onDragLeave={[Function]}
                onFocus={[Function]}
                onKeyDown={[Function]}
                onKeyUp={[Function]}
                onMouseDown={[Function]}
                onMouseLeave={[Function]}
                onMouseUp={[Function]}
                onTouchEnd={[Function]}
                onTouchMove={[Function]}
                onTouchStart={[Function]}
                tabIndex={null}
              >
                <span
                  className="MuiIconButton-label"
                >
                  <span
                    className="MuiSwitch-thumb"
                  />
                  <input
                    checked={true}
                    className="PrivateSwitchBase-input-273 MuiSwitch-input"
                    name="onscreenKeyboard"
                    onChange={[Function]}
                    type="checkbox"
                  />
                </span>
                <span
                  className="MuiTouchRipple-root"
                />
              </span>
              <span
                className="MuiSwitch-track"
              />
            </span>
            <span
              className="MuiTypography-root MuiFormControlLabel-label MuiTypography-body1"
            >
              Use onscreen keyboard
            </span>
          </label>
        </div>
      </div>
      <div
        className="MuiGrid-root MuiGrid-item MuiGrid-grid-xs-true"
      >
        <div
          className="MuiFormGroup-root MuiFormGroup-row"
        >
          <label
            className="MuiFormControlLabel-root"
          >
            <span
              className="MuiSwitch-root"
            >
              <span
                aria-disabled={false}
                className="MuiButtonBase-root MuiIconButton-root PrivateSwitchBase-root-270 MuiSwitch-switchBase MuiSwitch-colorSecondary PrivateSwitchBase-checked-271 Mui-checked"
                onBlur={[Function]}
                onDragLeave={[Function]}
                onFocus={[Function]}
                onKeyDown={[Function]}
                onKeyUp={[Function]}
                onMouseDown={[Function]}
                onMouseLeave={[Function]}
                onMouseUp={[Function]}
                onTouchEnd={[Function]}
                onTouchMove={[Function]}
                onTouchStart={[Function]}
                tabIndex={null}
              >
                <span
                  className="MuiIconButton-label"
                >
                  <span
                    className="MuiSwitch-thumb"
                  />
                  <input
                    checked={true}
                    className="PrivateSwitchBase-input-273 MuiSwitch-input"
                    name="largeKeyboard"
                    onChange={[Function]}
                    type="checkbox"
                  />
                </span>
                <span
                  className="MuiTouchRipple-root"
                />
              </span>
              <span
                className="MuiSwitch-track"
              />
            </span>
            <span
              className="MuiTypography-root MuiFormControlLabel-label MuiTypography-body1"
            >
              Large Keyboard
            </span>
          </label>
        </div>
      </div>
    </div>
    <div
      className="MuiGrid-root MuiGrid-container MuiGrid-align-items-xs-center MuiGrid-justify-xs-flex-end"
    >
      <button
        aria-describedby={null}
        aria-label="start"
        className="MuiButtonBase-root MuiFab-root makeStyles-fab-4 MuiFab-extended MuiFab-primary"
        disabled={false}
        onBlur={[Function]}
        onClick={[Function]}
        onDragLeave={[Function]}
        onFocus={[Function]}
        onKeyDown={[Function]}
        onKeyUp={[Function]}
        onMouseDown={[Function]}
        onMouseLeave={[Function]}
        onMouseOver={[Function]}
        onMouseUp={[Function]}
        onTouchEnd={[Function]}
        onTouchMove={[Function]}
        onTouchStart={[Function]}
        tabIndex={0}
        title="Start"
        type="button"
      >
        <span
          className="MuiFab-label"
        >
          <svg
            aria-hidden="true"
            className="MuiSvgIcon-root makeStyles-extendedIcon-5"
            focusable="false"
            role="presentation"
            viewBox="0 0 24 24"
          >
            <path
              d="M2.01 21L23 12 2.01 3 2 10l15 2-15 2z"
            />
          </svg>
          Start
        </span>
        <span
          className="MuiTouchRipple-root"
        />
      </button>
    </div>
  </div>
  <div
    className="MuiGrid-root"
  />
</div>
`;
