// Jest Snapshot v1, https://goo.gl/fbAQLP

exports[`ScoreBoard should render showScoreBoard 1`] = `
<div>
  <h3>
    Scoreboard
  </h3>
  <div>
    <div>
      <button
        className="MuiButtonBase-root MuiFab-root MuiFab-sizeMedium MuiFab-primary"
        disabled={false}
        onBlur={[Function]}
        onDragLeave={[Function]}
        onFocus={[Function]}
        onKeyDown={[Function]}
        onKeyUp={[Function]}
        onMouseDown={[Function]}
        onMouseLeave={[Function]}
        onMouseUp={[Function]}
        onTouchEnd={[Function]}
        onTouchMove={[Function]}
        onTouchStart={[Function]}
        style={
          Object {
            "fontSize": "1.5em",
            "margin": "5px",
          }
        }
        tabIndex={0}
        type="button"
      >
        <span
          className="MuiFab-label"
        >
          0
        </span>
      </button>
      <span>
        Gold Badge(s) - 2 seconds or less (per question)
      </span>
    </div>
    <div>
      <button
        className="MuiButtonBase-root MuiFab-root MuiFab-sizeMedium MuiFab-primary"
        disabled={false}
        onBlur={[Function]}
        onDragLeave={[Function]}
        onFocus={[Function]}
        onKeyDown={[Function]}
        onKeyUp={[Function]}
        onMouseDown={[Function]}
        onMouseLeave={[Function]}
        onMouseUp={[Function]}
        onTouchEnd={[Function]}
        onTouchMove={[Function]}
        onTouchStart={[Function]}
        style={
          Object {
            "fontSize": "1.5em",
            "margin": "5px",
          }
        }
        tabIndex={0}
        type="button"
      >
        <span
          className="MuiFab-label"
        >
          0
        </span>
      </button>
      <span>
        Silver Badge(s) - between 2 and 3 seconds (per question)
      </span>
    </div>
    <div>
      <button
        className="MuiButtonBase-root MuiFab-root MuiFab-sizeMedium MuiFab-primary"
        disabled={false}
        onBlur={[Function]}
        onDragLeave={[Function]}
        onFocus={[Function]}
        onKeyDown={[Function]}
        onKeyUp={[Function]}
        onMouseDown={[Function]}
        onMouseLeave={[Function]}
        onMouseUp={[Function]}
        onTouchEnd={[Function]}
        onTouchMove={[Function]}
        onTouchStart={[Function]}
        style={
          Object {
            "fontSize": "1.5em",
            "margin": "5px",
          }
        }
        tabIndex={0}
        type="button"
      >
        <span
          className="MuiFab-label"
        >
          0
        </span>
      </button>
      <span>
        Bronze Badge(s) - between 3 and 4 seconds (per question)
      </span>
    </div>
    <div>
      <button
        className="MuiButtonBase-root MuiFab-root MuiFab-sizeMedium MuiFab-primary"
        disabled={false}
        onBlur={[Function]}
        onDragLeave={[Function]}
        onFocus={[Function]}
        onKeyDown={[Function]}
        onKeyUp={[Function]}
        onMouseDown={[Function]}
        onMouseLeave={[Function]}
        onMouseUp={[Function]}
        onTouchEnd={[Function]}
        onTouchMove={[Function]}
        onTouchStart={[Function]}
        style={
          Object {
            "fontSize": "1.5em",
            "margin": "5px",
          }
        }
        tabIndex={0}
        type="button"
      >
        <span
          className="MuiFab-label"
        >
          1
        </span>
      </button>
      <span>
        Blue Badge(s) - more than 4 seconds (per question)
      </span>
    </div>
  </div>
  <div
    className="MuiPaper-root MuiPaper-elevation1 MuiPaper-rounded"
    style={
      Object {
        "width": "100%",
      }
    }
  >
    <table
      className="MuiTable-root"
    >
      <thead
        className="MuiTableHead-root"
      >
        <tr
          className="MuiTableRow-root MuiTableRow-head"
        >
          <th
            aria-sort={null}
            className="MuiTableCell-root MuiTableCell-head"
            scope="col"
          >
            Level
          </th>
          <th
            aria-sort={null}
            className="MuiTableCell-root MuiTableCell-head"
            scope="col"
          >
            Addition
          </th>
        </tr>
      </thead>
      <tbody
        className="MuiTableBody-root"
      >
        <tr
          className="MuiTableRow-root"
        >
          <th
            aria-sort={null}
            className="MuiTableCell-root MuiTableCell-body"
            scope="row"
          >
            A
          </th>
          <td
            aria-sort={null}
            className="MuiTableCell-root MuiTableCell-body"
          >
            <span>
              <button
                className="MuiButtonBase-root MuiFab-root MuiFab-sizeMedium MuiFab-primary"
                disabled={false}
                onBlur={[Function]}
                onDragLeave={[Function]}
                onFocus={[Function]}
                onKeyDown={[Function]}
                onKeyUp={[Function]}
                onMouseDown={[Function]}
                onMouseLeave={[Function]}
                onMouseUp={[Function]}
                onTouchEnd={[Function]}
                onTouchMove={[Function]}
                onTouchStart={[Function]}
                style={
                  Object {
                    "fontSize": "1.5em",
                    "margin": "5px",
                  }
                }
                tabIndex={0}
                type="button"
              >
                <span
                  className="MuiFab-label"
                >
                  1
                </span>
              </button>
            </span>
          </td>
        </tr>
      </tbody>
    </table>
  </div>
</div>
`;
