// Jest Snapshot v1, https://goo.gl/fbAQLP

exports[`App should render an App component 1`] = `
<div>
  <div
    className="makeStyles-root-1"
  >
    <header
      className="MuiPaper-root MuiPaper-elevation4 MuiAppBar-root MuiAppBar-positionFixed MuiAppBar-colorPrimary mui-fixed"
    >
      <div
        className="MuiToolbar-root MuiToolbar-regular MuiToolbar-gutters"
      >
        <button
          aria-label="open drawer"
          className="MuiButtonBase-root MuiIconButton-root MuiIconButton-colorInherit MuiIconButton-edgeStart"
          disabled={false}
          onBlur={[Function]}
          onClick={[Function]}
          onDragLeave={[Function]}
          onFocus={[Function]}
          onKeyDown={[Function]}
          onKeyUp={[Function]}
          onMouseDown={[Function]}
          onMouseLeave={[Function]}
          onMouseUp={[Function]}
          onTouchEnd={[Function]}
          onTouchMove={[Function]}
          onTouchStart={[Function]}
          tabIndex={0}
          type="button"
        >
          <span
            className="MuiIconButton-label"
          >
            <svg
              aria-hidden="true"
              className="MuiSvgIcon-root"
              focusable="false"
              role="presentation"
              viewBox="0 0 24 24"
            >
              <path
                d="M3 18h18v-2H3v2zm0-5h18v-2H3v2zm0-7v2h18V6H3z"
              />
            </svg>
          </span>
          <span
            className="MuiTouchRipple-root"
          />
        </button>
        <div
          className="makeStyles-appLabel-6"
        >
          <h6
            className="MuiTypography-root MuiTypography-h6 MuiTypography-noWrap"
          >
            LEARN
          </h6>
        </div>
        <div
          className="MuiGrid-root MuiGrid-container MuiGrid-align-items-xs-center MuiGrid-justify-xs-flex-end"
        >
          <a
            aria-describedby={null}
            aria-label="Fork guyellis/learn on GitHub"
            className=""
            href="https://github.com/guyellis/learn"
            onBlur={[Function]}
            onFocus={[Function]}
            onMouseLeave={[Function]}
            onMouseOver={[Function]}
            onTouchEnd={[Function]}
            onTouchStart={[Function]}
            rel="noopener noreferrer"
            target="_blank"
            title="Fork me!"
          >
            <img
              alt="github"
              height={30}
              src={Object {}}
              width={30}
            />
          </a>
        </div>
      </div>
    </header>
    <main
      className="makeStyles-content-4"
    >
      <div
        className="makeStyles-toolbar-7"
      />
      <div>
        <div>
          <h2
            className="MuiTypography-root MuiTypography-h2 MuiTypography-gutterBottom"
          >
            Home
          </h2>
        </div>
      </div>
    </main>
  </div>
</div>
`;
